2025-08-10 20:49:45,013 - app - INFO - Bot started for MALTEPE SAHİL SPOR TESİSİ_TENİS_13.08.2025_20:00 - 21:00
2025-08-10 20:50:20,040 - app - INFO - Bot started for MALTEPE SAHİL SPOR TESİSİ_TENİS_13.08.2025_20:00 - 21:00
2025-08-11 00:12:41,207 - app - INFO - Bot started for MALTEPE SAHİL SPOR TESİSİ_TENİS_13.08.2025_20:00 - 21:00
2025-08-11 00:13:40,291 - app - INFO - Bot started for MALTEPE SAHİL SPOR TESİSİ_TENİS_13.08.2025_20:00 - 21:00
2025-08-11 20:44:55,633 - app - INFO - Method: available_sessions_logs, log_file_path: AlertAvailableSessions.log
2025-08-11 20:45:27,245 - app - INFO - Bot started for MALTEPE SAHİL SPOR TESİSİ_TENİS_13.08.2025_20:00 - 21:00
2025-08-17 00:18:32,109 - app - INFO - Bot started for MALTEPE SAHİL SPOR TESİSİ_TENİS_19.08.2025_21:00 - 22:00
2025-08-17 00:19:09,810 - app - INFO - Bot started for MALTEPE SAHİL SPOR TESİSİ_TENİS_19.08.2025_21:00 - 22:00
2025-08-17 00:20:03,218 - app - INFO - Bot started for MALTEPE SAHİL SPOR TESİSİ_TENİS_19.08.2025_21:00 - 22:00
2025-08-17 00:20:53,530 - app - INFO - Bot started for MALTEPE SAHİL SPOR TESİSİ_TENİS_19.08.2025_21:00 - 22:00
2025-08-17 02:30:21,062 - app - INFO - Active bot is 1 : 
 MALTEPE SAHİL SPOR TESİSİ_TENİS_19.08.2025_21:00 - 22:00
2025-08-17 02:30:27,540 - app - INFO - Method: available_sessions_logs, log_file_path: AlertAvailableSessions.log
2025-08-17 19:48:24,316 - app - INFO - Bot stopped for MALTEPE SAHİL SPOR TESİSİ_TENİS_19.08.2025_21:00 - 22:00
2025-08-17 20:04:25,963 - app - INFO - Bot started for MALTEPE SAHİL SPOR TESİSİ_TENİS_19.08.2025_21:00 - 22:00
2025-08-19 21:18:50,318 - app - INFO - Bot started for MALTEPE SAHİL SPOR TESİSİ_TENİS_21.08.2025_21:00 - 22:00
2025-08-19 21:19:42,857 - app - INFO - Bot stopped for MALTEPE SAHİL SPOR TESİSİ_TENİS_21.08.2025_21:00 - 22:00
2025-08-19 21:19:44,658 - app - INFO - Bot started for MALTEPE SAHİL SPOR TESİSİ_TENİS_21.08.2025_21:00 - 22:00
2025-08-19 21:20:28,139 - app - INFO - Bot stopped for MALTEPE SAHİL SPOR TESİSİ_TENİS_21.08.2025_21:00 - 22:00
2025-08-19 21:20:30,098 - app - INFO - Bot started for MALTEPE SAHİL SPOR TESİSİ_TENİS_21.08.2025_21:00 - 22:00
2025-08-19 21:21:13,432 - app - INFO - Bot started for MALTEPE SAHİL SPOR TESİSİ_TENİS_21.08.2025_21:00 - 22:00
2025-08-19 21:21:50,280 - app - INFO - Bot started for MALTEPE SAHİL SPOR TESİSİ_TENİS_21.08.2025_21:00 - 22:00
2025-08-19 21:22:26,492 - app - INFO - Bot started for MALTEPE SAHİL SPOR TESİSİ_TENİS_21.08.2025_21:00 - 22:00
2025-08-20 14:28:12,632 - app - INFO - Method: available_sessions_logs, log_file_path: AlertAvailableSessions.log
2025-08-20 22:12:52,865 - app - INFO - Method: available_sessions_logs, log_file_path: AlertAvailableSessions.log
2025-08-23 21:04:52,447 - app - INFO - Bot started for MALTEPE SAHİL SPOR TESİSİ_TENİS_21.08.2025_21:00 - 22:00
2025-08-23 21:06:52,470 - app - INFO - Bot stopped for MALTEPE SAHİL SPOR TESİSİ_TENİS_21.08.2025_21:00 - 22:00
2025-08-23 21:07:13,325 - app - INFO - Bot started for MALTEPE SAHİL SPOR TESİSİ_TENİS_26.08.2025_21:00 - 22:00
2025-08-23 21:07:53,881 - app - INFO - Bot started for MALTEPE SAHİL SPOR TESİSİ_TENİS_26.08.2025_21:00 - 22:00
2025-08-24 14:21:38,652 - app - INFO - Bot started for MALTEPE SAHİL SPOR TESİSİ_TENİS_26.08.2025_21:00 - 22:00
2025-08-24 20:04:59,411 - app - INFO - Bot started for MALTEPE SAHİL SPOR TESİSİ_TENİS_26.08.2025_21:00 - 22:00
2025-08-25 01:04:19,611 - app - INFO - Bot started for MALTEPE SAHİL SPOR TESİSİ_TENİS_26.08.2025_21:00 - 22:00
2025-08-25 20:34:45,793 - app - INFO - Bot started for MALTEPE SAHİL SPOR TESİSİ_TENİS_26.08.2025_21:00 - 22:00
2025-08-25 21:15:07,127 - app - INFO - Bot started for MALTEPE SAHİL SPOR TESİSİ_TENİS_28.08.2025_21:00 - 22:00
2025-08-25 21:15:45,462 - app - INFO - Bot stopped for MALTEPE SAHİL SPOR TESİSİ_TENİS_28.08.2025_21:00 - 22:00
2025-08-25 21:15:47,353 - app - INFO - Bot started for MALTEPE SAHİL SPOR TESİSİ_TENİS_28.08.2025_21:00 - 22:00
2025-08-25 21:16:34,926 - app - INFO - Bot started for MALTEPE SAHİL SPOR TESİSİ_TENİS_28.08.2025_21:00 - 22:00
2025-08-26 11:37:43,574 - app - INFO - Method: available_sessions_logs, log_file_path: AlertAvailableSessions.log
2025-08-26 20:30:59,616 - app - INFO - Bot started for MALTEPE SAHİL SPOR TESİSİ_TENİS_28.08.2025_21:00 - 22:00
2025-08-27 00:57:45,707 - app - INFO - Bot started for MALTEPE SAHİL SPOR TESİSİ_TENİS_28.08.2025_21:00 - 22:00
2025-08-27 13:50:20,830 - app - INFO - Bot started for MALTEPE SAHİL SPOR TESİSİ_TENİS_28.08.2025_21:00 - 22:00
2025-08-28 15:10:42,261 - app - INFO - Bot started for MALTEPE SAHİL SPOR TESİSİ_TENİS_28.08.2025_21:00 - 22:00
2025-09-01 13:58:10,712 - app - INFO - Bot started for MALTEPE SAHİL SPOR TESİSİ_TENİS_02.09.2025_21:00 - 22:00
2025-09-01 13:59:01,062 - app - INFO - Bot started for MALTEPE SAHİL SPOR TESİSİ_TENİS_02.09.2025_21:00 - 22:00
2025-09-01 13:59:43,390 - app - INFO - Bot started for MALTEPE SAHİL SPOR TESİSİ_TENİS_02.09.2025_21:00 - 22:00
2025-09-01 14:00:52,014 - app - INFO - Bot started for MALTEPE SAHİL SPOR TESİSİ_TENİS_02.09.2025_21:00 - 22:00
2025-09-01 14:01:25,052 - app - INFO - Bot started for MALTEPE SAHİL SPOR TESİSİ_TENİS_02.09.2025_21:00 - 22:00
2025-09-01 14:19:51,159 - app - INFO - Bot started for MALTEPE SAHİL SPOR TESİSİ_TENİS_02.09.2025_21:00 - 22:00
2025-09-01 18:11:09,787 - app - INFO - Bot started for MALTEPE SAHİL SPOR TESİSİ_TENİS_02.09.2025_21:00 - 22:00
2025-09-01 21:56:22,659 - app - INFO - Bot started for MALTEPE SAHİL SPOR TESİSİ_TENİS_02.09.2025_21:00 - 22:00
2025-09-01 21:57:07,141 - app - INFO - Bot started for MALTEPE SAHİL SPOR TESİSİ_TENİS_02.09.2025_21:00 - 22:00
2025-09-08 21:06:32,328 - app - INFO - Bot started for MALTEPE SAHİL SPOR TESİSİ_TENİS_11.09.2025_21:00 - 22:00
2025-09-08 21:07:15,223 - app - INFO - Bot started for MALTEPE SAHİL SPOR TESİSİ_TENİS_11.09.2025_21:00 - 22:00
2025-09-08 21:08:05,112 - app - INFO - Bot started for MALTEPE SAHİL SPOR TESİSİ_TENİS_11.09.2025_21:00 - 22:00
2025-09-08 21:11:25,350 - app - INFO - Bot started for MALTEPE SAHİL SPOR TESİSİ_TENİS_11.09.2025_21:00 - 22:00
2025-09-09 01:12:52,754 - app - INFO - Method: available_sessions_logs, log_file_path: AlertAvailableSessions.log
2025-09-09 01:13:52,931 - app - INFO - Bot stopped for MALTEPE SAHİL SPOR TESİSİ_TENİS_11.09.2025_21:00 - 22:00
2025-09-09 01:13:56,240 - app - INFO - Bot started for MALTEPE SAHİL SPOR TESİSİ_TENİS_11.09.2025_21:00 - 22:00
2025-09-09 01:14:48,326 - app - INFO - Bot started for MALTEPE SAHİL SPOR TESİSİ_TENİS_11.09.2025_21:00 - 22:00
2025-09-09 21:36:10,818 - app - INFO - Bot started for MALTEPE SAHİL SPOR TESİSİ_TENİS_11.09.2025_21:00 - 22:00
2025-09-10 15:26:19,767 - app - INFO - Bot started for MALTEPE SAHİL SPOR TESİSİ_TENİS_11.09.2025_21:00 - 22:00
